TESTING GENERATION for Week Nov 17-23, 2025
Context: 36 Staff, 16 Coverage Rows
[Scheduler] Day 2025-11-17 (Lun): Demand items: 8, Eligible Staff: 36
  [ASSIGNED] Demand 0 (BARGIU 11:00-18:00) assigned to ELENA (ID: 53)
  [SKIP] BANCE (ID: 51) for demand 1 (BARGIU 18:00-24:00): Demand range 18:00-24:00 outside fixed availability 18:00-01:00 for Luned├¼_S
  [SKIP] ELENA (ID: 53) for demand 1: Already has a shift today (Day Busy count: 1)
  [ASSIGNED] Demand 1 (BARGIU 18:00-24:00) assigned to AHMED (ID: 54)
  [SKIP] ELENA (ID: 53) for demand 2: Already has a shift today (Day Busy count: 1)
  [SKIP] AHMED (ID: 54) for demand 2: Already has a shift today (Day Busy count: 1)
  [ASSIGNED] Demand 2 (BARSU 10:30-18:00) assigned to ELIAS (ID: 55)
  [SKIP] BANCE (ID: 51) for demand 3 (BARSU 18:00-25:00): Demand range 18:00-25:00 outside fixed availability 18:00-01:00 for Luned├¼_S
  [SKIP] ELENA (ID: 53) for demand 3: Already has a shift today (Day Busy count: 1)
  [SKIP] AHMED (ID: 54) for demand 3: Already has a shift today (Day Busy count: 1)
  [SKIP] ELIAS (ID: 55) for demand 3: Already has a shift today (Day Busy count: 1)
  [ASSIGNED] Demand 3 (BARSU 18:00-25:00) assigned to DAVID (ID: 56)
  [SKIP] ELENA (ID: 53) for demand 4: Already has a shift today (Day Busy count: 1)
  [SKIP] AHMED (ID: 54) for demand 4: Already has a shift today (Day Busy count: 1)
  [SKIP] ELIAS (ID: 55) for demand 4: Already has a shift today (Day Busy count: 1)
  [SKIP] DAVID (ID: 56) for demand 4: Already has a shift today (Day Busy count: 1)
  [ASSIGNED] Demand 4 (CDR 12:00-18:00) assigned to CHIERICO (ID: 58)
  [SKIP] BANCE (ID: 51) for demand 5 (CDR 20:00-25:00): Demand range 20:00-25:00 outside fixed availability 18:00-01:00 for Luned├¼_S
  [SKIP] ELENA (ID: 53) for demand 5: Already has a shift today (Day Busy count: 1)
  [SKIP] AHMED (ID: 54) for demand 5: Already has a shift today (Day Busy count: 1)
  [SKIP] ELIAS (ID: 55) for demand 5: Already has a shift today (Day Busy count: 1)
  [SKIP] DAVID (ID: 56) for demand 5: Already has a shift today (Day Busy count: 1)
  [SKIP] CHIERICO (ID: 58) for demand 5: Already has a shift today (Day Busy count: 1)
  [ASSIGNED] Demand 5 (CDR 20:00-25:00) assigned to WALID (ID: 68)
  [ASSIGNED] Demand 6 (B/S 12:00-18:00) assigned to BANCE (ID: 51)
  [SKIP] BANCE (ID: 51) for demand 7: Already has a shift today (Day Busy count: 1)
  [SKIP] ELENA (ID: 53) for demand 7: Already has a shift today (Day Busy count: 1)
  [SKIP] AHMED (ID: 54) for demand 7: Already has a shift today (Day Busy count: 1)
  [SKIP] ELIAS (ID: 55) for demand 7: Already has a shift today (Day Busy count: 1)
  [SKIP] DAVID (ID: 56) for demand 7: Already has a shift today (Day Busy count: 1)
  [ASSIGNED] Demand 7 (B/S 18:00-25:00) assigned to MERAN (ID: 57)
[Scheduler] Day 2025-11-18 (Mar): Demand items: 10, Eligible Staff: 36
  [ASSIGNED] Demand 0 (BARGIU 11:00-18:00) assigned to ELENA (ID: 53)
  [SKIP] ELENA (ID: 53) for demand 1: Already has a shift today (Day Busy count: 1)
  [ASSIGNED] Demand 1 (BARGIU 18:00-24:00) assigned to AHMED (ID: 54)
  [SKIP] ELENA (ID: 53) for demand 2: Already has a shift today (Day Busy count: 1)
  [SKIP] AHMED (ID: 54) for demand 2: Already has a shift today (Day Busy count: 1)
  [ASSIGNED] Demand 2 (BARSU 10:30-18:00) assigned to ELIAS (ID: 55)
  [SKIP] ELENA (ID: 53) for demand 3: Already has a shift today (Day Busy count: 1)
  [SKIP] AHMED (ID: 54) for demand 3: Already has a shift today (Day Busy count: 1)
  [SKIP] ELIAS (ID: 55) for demand 3: Already has a shift today (Day Busy count: 1)
  [ASSIGNED] Demand 3 (BARSU 18:00-25:00) assigned to DAVID (ID: 56)
  [SKIP] ELENA (ID: 53) for demand 4: Already has a shift today (Day Busy count: 1)
  [SKIP] AHMED (ID: 54) for demand 4: Already has a shift today (Day Busy count: 1)
  [SKIP] ELIAS (ID: 55) for demand 4: Already has a shift today (Day Busy count: 1)
  [SKIP] DAVID (ID: 56) for demand 4: Already has a shift today (Day Busy count: 1)
  [ASSIGNED] Demand 4 (CDR 12:00-18:00) assigned to CHIERICO (ID: 58)
  [SKIP] ELENA (ID: 53) for demand 5: Already has a shift today (Day Busy count: 1)
  [SKIP] AHMED (ID: 54) for demand 5: Already has a shift today (Day Busy count: 1)
  [SKIP] ELIAS (ID: 55) for demand 5: Already has a shift today (Day Busy count: 1)
  [SKIP] DAVID (ID: 56) for demand 5: Already has a shift today (Day Busy count: 1)
  [SKIP] CHIERICO (ID: 58) for demand 5: Already has a shift today (Day Busy count: 1)
  [ASSIGNED] Demand 5 (CDR 20:00-25:00) assigned to WALID (ID: 68)
  [ASSIGNED] Demand 6 (B/S 12:00-18:00) assigned to BANCE (ID: 51)
  [SKIP] BANCE (ID: 51) for demand 7: Already has a shift today (Day Busy count: 1)
  [SKIP] ELENA (ID: 53) for demand 7: Already has a shift today (Day Busy count: 1)
  [SKIP] AHMED (ID: 54) for demand 7: Already has a shift today (Day Busy count: 1)
  [SKIP] ELIAS (ID: 55) for demand 7: Already has a shift today (Day Busy count: 1)
  [SKIP] DAVID (ID: 56) for demand 7: Already has a shift today (Day Busy count: 1)
  [ASSIGNED] Demand 7 (B/S 18:00-25:00) assigned to MERAN (ID: 57)
  [SKIP] BANCE (ID: 51) for demand 8: Already has a shift today (Day Busy count: 1)
  [SKIP] ELENA (ID: 53) for demand 8: Already has a shift today (Day Busy count: 1)
  [SKIP] AHMED (ID: 54) for demand 8: Already has a shift today (Day Busy count: 1)
  [SKIP] ELIAS (ID: 55) for demand 8: Already has a shift today (Day Busy count: 1)
  [SKIP] DAVID (ID: 56) for demand 8: Already has a shift today (Day Busy count: 1)
  [SKIP] MERAN (ID: 57) for demand 8: Already has a shift today (Day Busy count: 1)
  [SKIP] CHIERICO (ID: 58) for demand 8: Already has a shift today (Day Busy count: 1)
  [ASSIGNED] Demand 8 (B/S_2 13:00-15:00) assigned to SECK (ID: 63)
  [SKIP] BANCE (ID: 51) for demand 9: Already has a shift today (Day Busy count: 1)
  [SKIP] ELENA (ID: 53) for demand 9: Already has a shift today (Day Busy count: 1)
  [SKIP] AHMED (ID: 54) for demand 9: Already has a shift today (Day Busy count: 1)
  [SKIP] ELIAS (ID: 55) for demand 9: Already has a shift today (Day Busy count: 1)
  [SKIP] DAVID (ID: 56) for demand 9: Already has a shift today (Day Busy count: 1)
  [SKIP] MERAN (ID: 57) for demand 9: Would exceed max hours (19.0 > 18)
  [SKIP] CHIERICO (ID: 58) for demand 9: Already has a shift today (Day Busy count: 1)
  [SKIP] SECK (ID: 63) for demand 9: Already has a shift today (Day Busy count: 1)
  [SKIP] WALID (ID: 68) for demand 9: Already has a shift today (Day Busy count: 1)
  [SKIP] ERMANNO (ID: 52) for demand 9 (B/S_2 21:00-26:00): Availability set to NO for Marted├¼_S
  [ASSIGNED] Demand 9 (B/S_2 21:00-26:00) assigned to JENNIFER (ID: 64)
[Scheduler] Day 2025-11-19 (Mer): Demand items: 11, Eligible Staff: 36
  [ASSIGNED] Demand 0 (BARGIU 11:00-18:00) assigned to ELENA (ID: 53)
  [SKIP] ELENA (ID: 53) for demand 1: Already has a shift today (Day Busy count: 1)
  [ASSIGNED] Demand 1 (BARGIU 18:00-24:00) assigned to AHMED (ID: 54)
  [SKIP] ELENA (ID: 53) for demand 2: Already has a shift today (Day Busy count: 1)
  [SKIP] AHMED (ID: 54) for demand 2: Already has a shift today (Day Busy count: 1)
  [ASSIGNED] Demand 2 (BARSU 10:30-18:00) assigned to ELIAS (ID: 55)
  [SKIP] ELENA (ID: 53) for demand 3: Already has a shift today (Day Busy count: 1)
  [SKIP] AHMED (ID: 54) for demand 3: Already has a shift today (Day Busy count: 1)
  [SKIP] ELIAS (ID: 55) for demand 3: Would exceed max hours (29.5 > 24)
  [ASSIGNED] Demand 3 (BARSU 18:00-25:00) assigned to DAVID (ID: 56)
  [SKIP] ELENA (ID: 53) for demand 4: Already has a shift today (Day Busy count: 1)
  [SKIP] AHMED (ID: 54) for demand 4: Already has a shift today (Day Busy count: 1)
  [SKIP] ELIAS (ID: 55) for demand 4: Would exceed max hours (28.5 > 24)
  [SKIP] DAVID (ID: 56) for demand 4: Already has a shift today (Day Busy count: 1)
  [SKIP] MERAN (ID: 57) for demand 4: Would exceed max hours (20.0 > 18)
  [ASSIGNED] Demand 4 (CDR 12:00-18:00) assigned to CHIERICO (ID: 58)
  [SKIP] ELENA (ID: 53) for demand 5: Already has a shift today (Day Busy count: 1)
  [SKIP] AHMED (ID: 54) for demand 5: Already has a shift today (Day Busy count: 1)
  [SKIP] ELIAS (ID: 55) for demand 5: Would exceed max hours (27.5 > 24)
  [SKIP] DAVID (ID: 56) for demand 5: Already has a shift today (Day Busy count: 1)
  [SKIP] MERAN (ID: 57) for demand 5: Would exceed max hours (19.0 > 18)
  [SKIP] CHIERICO (ID: 58) for demand 5: Already has a shift today (Day Busy count: 1)
  [ASSIGNED] Demand 5 (CDR 20:00-25:00) assigned to WALID (ID: 68)
  [ASSIGNED] Demand 6 (B/S 12:00-18:00) assigned to BANCE (ID: 51)
  [SKIP] BANCE (ID: 51) for demand 7: Already has a shift today (Day Busy count: 1)
  [SKIP] ELENA (ID: 53) for demand 7: Already has a shift today (Day Busy count: 1)
  [SKIP] AHMED (ID: 54) for demand 7: Already has a shift today (Day Busy count: 1)
  [SKIP] ELIAS (ID: 55) for demand 7: Would exceed max hours (29.5 > 24)
  [SKIP] DAVID (ID: 56) for demand 7: Already has a shift today (Day Busy count: 1)
  [SKIP] MERAN (ID: 57) for demand 7: Would exceed max hours (21.0 > 18)
  [SKIP] CHIERICO (ID: 58) for demand 7: Would exceed max hours (25.0 > 24)
  [ASSIGNED] Demand 7 (B/S 18:00-25:00) assigned to SECK (ID: 63)
  [SKIP] BANCE (ID: 51) for demand 8: Already has a shift today (Day Busy count: 1)
  [SKIP] ELENA (ID: 53) for demand 8: Already has a shift today (Day Busy count: 1)
  [SKIP] AHMED (ID: 54) for demand 8: Already has a shift today (Day Busy count: 1)
  [SKIP] ELIAS (ID: 55) for demand 8: Would exceed max hours (24.5 > 24)
  [SKIP] DAVID (ID: 56) for demand 8: Already has a shift today (Day Busy count: 1)
  [ASSIGNED] Demand 8 (B/S_2 13:00-15:00) assigned to MERAN (ID: 57)
  [SKIP] BANCE (ID: 51) for demand 9: Already has a shift today (Day Busy count: 1)
  [SKIP] ELENA (ID: 53) for demand 9: Already has a shift today (Day Busy count: 1)
  [SKIP] AHMED (ID: 54) for demand 9: Already has a shift today (Day Busy count: 1)
  [SKIP] ELIAS (ID: 55) for demand 9: Would exceed max hours (27.5 > 24)
  [SKIP] DAVID (ID: 56) for demand 9: Already has a shift today (Day Busy count: 1)
  [SKIP] MERAN (ID: 57) for demand 9: Would exceed max hours (21.0 > 18)
  [SKIP] CHIERICO (ID: 58) for demand 9: Already has a shift today (Day Busy count: 1)
  [SKIP] SECK (ID: 63) for demand 9: Already has a shift today (Day Busy count: 1)
  [SKIP] WALID (ID: 68) for demand 9: Already has a shift today (Day Busy count: 1)
  [SKIP] ERMANNO (ID: 52) for demand 9 (B/S_2 21:00-26:00): Demand range 21:00-26:00 outside fixed availability 16:00-19:00 for Mercoled├¼_S
  [ASSIGNED] Demand 9 (B/S_2 21:00-26:00) assigned to JENNIFER (ID: 64)
  [SKIP] BANCE (ID: 51) for demand 10: Already has a shift today (Day Busy count: 1)
node :   [WARNING] Unassigned 
Slot: 2025-11-19 SCARICO 
08:30-10:30
In riga:1 car:1
+ node 
backend/test_generation_real.js 
> test_log.txt 2>&1
+ ~~~~~~~~~~~~~~~~~~~~~~~~~~~~~~
~~~~~~~~~~~~~~~~~~~~~~~~~~
    + CategoryInfo          : 
Not    Specified: (  [WARNING] 
Una..    .ICO 
08:30-10:30:String) [],     
RemoteException
    + FullyQualifiedErrorId : 
Nat    iveCommandError
 
  [SKIP] ELENA (ID: 53) for demand 10: Already has a shift today (Day Busy count: 1)
  [SKIP] AHMED (ID: 54) for demand 10: Already has a shift today (Day Busy count: 1)
  [SKIP] ELIAS (ID: 55) for demand 10: Would exceed max hours (24.5 > 24)
  [SKIP] DAVID (ID: 56) for demand 10: Already has a shift today (Day Busy count: 1)
  [SKIP] MERAN (ID: 57) for demand 10: Already has a shift today (Day Busy count: 1)
  [SKIP] CHIERICO (ID: 58) for demand 10: Already has a shift today (Day Busy count: 1)
  [SKIP] SECK (ID: 63) for demand 10: Already has a shift today (Day Busy count: 1)
  [SKIP] WALID (ID: 68) for demand 10: Already has a shift today (Day Busy count: 1)
  [SKIP] RUSLANA (ID: 50) for demand 10 (SCARICO 08:30-10:30): Availability set to NO for Mercoled├¼_P
  [SKIP] ERMANNO (ID: 52) for demand 10 (SCARICO 08:30-10:30): Demand range 08:30-10:30 outside fixed availability 13:00-16:00 for Mercoled├¼_P
  [SKIP] JENNIFER (ID: 64) for demand 10: Already has a shift today (Day Busy count: 1)
[Scheduler] Day 2025-11-20 (Gio): Demand items: 10, Eligible Staff: 36
  [ASSIGNED] Demand 0 (BARGIU 11:00-18:00) assigned to ELENA (ID: 53)
  [SKIP] ELENA (ID: 53) for demand 1: Already has a shift today (Day Busy count: 1)
  [ASSIGNED] Demand 1 (BARGIU 18:00-24:00) assigned to AHMED (ID: 54)
  [SKIP] ELENA (ID: 53) for demand 2: Already has a shift today (Day Busy count: 1)
  [SKIP] AHMED (ID: 54) for demand 2: Already has a shift today (Day Busy count: 1)
  [SKIP] ELIAS (ID: 55) for demand 2: Would exceed max hours (30.0 > 24)
  [ASSIGNED] Demand 2 (BARSU 10:30-18:00) assigned to DAVID (ID: 56)
  [SKIP] ELENA (ID: 53) for demand 3: Already has a shift today (Day Busy count: 1)
  [SKIP] AHMED (ID: 54) for demand 3: Already has a shift today (Day Busy count: 1)
  [SKIP] ELIAS (ID: 55) for demand 3: Would exceed max hours (29.5 > 24)
  [SKIP] DAVID (ID: 56) for demand 3: Already has a shift today (Day Busy count: 1)
  [SKIP] MERAN (ID: 57) for demand 3: Would exceed max hours (23.0 > 18)
  [SKIP] CHIERICO (ID: 58) for demand 3: Would exceed max hours (25.0 > 24)
  [ASSIGNED] Demand 3 (BARSU 18:00-25:00) assigned to FRANCESCA (ID: 62)
  [SKIP] ELENA (ID: 53) for demand 4: Already has a shift today (Day Busy count: 1)
  [SKIP] AHMED (ID: 54) for demand 4: Already has a shift today (Day Busy count: 1)
  [SKIP] ELIAS (ID: 55) for demand 4: Would exceed max hours (28.5 > 24)
  [SKIP] DAVID (ID: 56) for demand 4: Already has a shift today (Day Busy count: 1)
  [SKIP] MERAN (ID: 57) for demand 4: Would exceed max hours (22.0 > 18)
  [ASSIGNED] Demand 4 (CDR 12:00-18:00) assigned to CHIERICO (ID: 58)
  [SKIP] ELENA (ID: 53) for demand 5: Already has a shift today (Day Busy count: 1)
  [SKIP] AHMED (ID: 54) for demand 5: Already has a shift today (Day Busy count: 1)
  [SKIP] ELIAS (ID: 55) for demand 5: Would exceed max hours (27.5 > 24)
  [SKIP] DAVID (ID: 56) for demand 5: Already has a shift today (Day Busy count: 1)
  [SKIP] MERAN (ID: 57) for demand 5: Would exceed max hours (21.0 > 18)
  [SKIP] CHIERICO (ID: 58) for demand 5: Would exceed max hours (29.0 > 24)
  [SKIP] FRANCESCA (ID: 62) for demand 5: Already has a shift today (Day Busy count: 1)
  [ASSIGNED] Demand 5 (CDR 20:00-25:00) assigned to WALID (ID: 68)
  [ASSIGNED] Demand 6 (B/S 12:00-18:00) assigned to BANCE (ID: 51)
  [SKIP] BANCE (ID: 51) for demand 7: Already has a shift today (Day Busy count: 1)
  [SKIP] ELENA (ID: 53) for demand 7: Already has a shift today (Day Busy count: 1)
  [SKIP] AHMED (ID: 54) for demand 7: Already has a shift today (Day Busy count: 1)
  [SKIP] ELIAS (ID: 55) for demand 7: Would exceed max hours (29.5 > 24)
  [SKIP] DAVID (ID: 56) for demand 7: Already has a shift today (Day Busy count: 1)
  [SKIP] MERAN (ID: 57) for demand 7: Would exceed max hours (23.0 > 18)
  [SKIP] CHIERICO (ID: 58) for demand 7: Would exceed max hours (31.0 > 24)
  [SKIP] FRANCESCA (ID: 62) for demand 7: Already has a shift today (Day Busy count: 1)
  [ASSIGNED] Demand 7 (B/S 18:00-25:00) assigned to SECK (ID: 63)
  [SKIP] BANCE (ID: 51) for demand 8: Already has a shift today (Day Busy count: 1)
  [SKIP] ELENA (ID: 53) for demand 8: Already has a shift today (Day Busy count: 1)
  [SKIP] AHMED (ID: 54) for demand 8: Already has a shift today (Day Busy count: 1)
  [SKIP] ELIAS (ID: 55) for demand 8: Would exceed max hours (24.5 > 24)
  [SKIP] DAVID (ID: 56) for demand 8: Already has a shift today (Day Busy count: 1)
  [ASSIGNED] Demand 8 (B/S_2 13:00-15:00) assigned to MERAN (ID: 57)
  [SKIP] BANCE (ID: 51) for demand 9: Already has a shift today (Day Busy count: 1)
  [SKIP] ELENA (ID: 53) for demand 9: Already has a shift today (Day Busy count: 1)
  [SKIP] AHMED (ID: 54) for demand 9: Already has a shift today (Day Busy count: 1)
  [SKIP] ELIAS (ID: 55) for demand 9: Would exceed max hours (27.5 > 24)
  [SKIP] DAVID (ID: 56) for demand 9: Already has a shift today (Day Busy count: 1)
  [SKIP] MERAN (ID: 57) for demand 9: Would exceed max hours (23.0 > 18)
  [SKIP] CHIERICO (ID: 58) for demand 9: Would exceed max hours (29.0 > 24)
  [SKIP] FRANCESCA (ID: 62) for demand 9: Already has a shift today (Day Busy count: 1)
  [SKIP] SECK (ID: 63) for demand 9: Already has a shift today (Day Busy count: 1)
  [SKIP] WALID (ID: 68) for demand 9: Already has a shift today (Day Busy count: 1)
  [SKIP] ERMANNO (ID: 52) for demand 9 (B/S_2 21:00-26:00): Demand range 21:00-26:00 outside fixed availability 16:00-19:00 for Gioved├¼_S
  [ASSIGNED] Demand 9 (B/S_2 21:00-26:00) assigned to JENNIFER (ID: 64)
[Scheduler] Day 2025-11-21 (Ven): Demand items: 13, Eligible Staff: 36
  [ASSIGNED] Demand 0 (BARGIU 11:00-18:00) assigned to ELENA (ID: 53)
  [SKIP] ELENA (ID: 53) for demand 1: Would exceed max hours (41.0 > 40)
  [ASSIGNED] Demand 1 (BARGIU 18:00-24:00) assigned to AHMED (ID: 54)
  [SKIP] ELENA (ID: 53) for demand 2: Would exceed max hours (42.5 > 40)
  [SKIP] AHMED (ID: 54) for demand 2: Already has a shift today (Day Busy count: 1)
  [SKIP] ELIAS (ID: 55) for demand 2: Would exceed max hours (30.0 > 24)
  [ASSIGNED] Demand 2 (BARSU 10:30-18:00) assigned to DAVID (ID: 56)
  [SKIP] ELENA (ID: 53) for demand 3: Would exceed max hours (42.0 > 40)
  [SKIP] AHMED (ID: 54) for demand 3: Already has a shift today (Day Busy count: 1)
  [SKIP] ELIAS (ID: 55) for demand 3: Would exceed max hours (29.5 > 24)
  [SKIP] DAVID (ID: 56) for demand 3: Would exceed max hours (43.0 > 40)
  [SKIP] MERAN (ID: 57) for demand 3: Would exceed max hours (25.0 > 18)
  [SKIP] CHIERICO (ID: 58) for demand 3: Would exceed max hours (31.0 > 24)
  [ASSIGNED] Demand 3 (BARSU 18:00-25:00) assigned to FRANCESCA (ID: 62)
  [SKIP] ELENA (ID: 53) for demand 4: Would exceed max hours (41.0 > 40)
  [SKIP] AHMED (ID: 54) for demand 4: Already has a shift today (Day Busy count: 1)
  [SKIP] ELIAS (ID: 55) for demand 4: Would exceed max hours (28.5 > 24)
  [SKIP] DAVID (ID: 56) for demand 4: Would exceed max hours (42.0 > 40)
  [SKIP] MERAN (ID: 57) for demand 4: Would exceed max hours (24.0 > 18)
  [SKIP] CHIERICO (ID: 58) for demand 4: Would exceed max hours (30.0 > 24)
  [SKIP] FRANCESCA (ID: 62) for demand 4: Would exceed max hours (20.0 > 15)
  [ASSIGNED] Demand 4 (CDR 12:00-18:00) assigned to WALID (ID: 68)
  [SKIP] ELENA (ID: 53) for demand 5: Already has a shift today (Day Busy count: 1)
  [SKIP] AHMED (ID: 54) for demand 5: Already has a shift today (Day Busy count: 1)
  [SKIP] ELIAS (ID: 55) for demand 5: Would exceed max hours (27.5 > 24)
  [SKIP] DAVID (ID: 56) for demand 5: Would exceed max hours (41.0 > 40)
  [SKIP] MERAN (ID: 57) for demand 5: Would exceed max hours (23.0 > 18)
  [SKIP] CHIERICO (ID: 58) for demand 5: Would exceed max hours (29.0 > 24)
  [SKIP] FRANCESCA (ID: 62) for demand 5: Would exceed max hours (19.0 > 15)
  [SKIP] WALID (ID: 68) for demand 5: Would exceed max hours (31.0 > 30)
  [ASSIGNED] Demand 5 (CDR 20:00-25:00) assigned to RUSLANA (ID: 50)
  [SKIP] ELENA (ID: 53) for demand 6: Would exceed max hours (42.0 > 40)
  [SKIP] AHMED (ID: 54) for demand 6: Already has a shift today (Day Busy count: 1)
  [SKIP] ELIAS (ID: 55) for demand 6: Would exceed max hours (29.5 > 24)
  [SKIP] DAVID (ID: 56) for demand 6: Would exceed max hours (43.0 > 40)
  [SKIP] MERAN (ID: 57) for demand 6: Would exceed max hours (25.0 > 18)
  [SKIP] CHIERICO (ID: 58) for demand 6: Would exceed max hours (31.0 > 24)
  [SKIP] FRANCESCA (ID: 62) for demand 6: Would exceed max hours (21.0 > 15)
  [SKIP] WALID (ID: 68) for demand 6: Would exceed max hours (33.0 > 30)
  [SKIP] RUSLANA (ID: 50) for demand 6: Already has a shift today (Day Busy count: 1)
  [SKIP] ERMANNO (ID: 52) for demand 6 (CDR_V 18:00-25:00): Demand range 18:00-25:00 outside fixed availability 16:00-19:00 for Venerd├¼_S
  [SKIP] CELESTE (ID: 60) for demand 6 (CDR_V 18:00-25:00): Demand range 18:00-25:00 outside fixed availability 18:00-00:00 for Venerd├¼_S
  [SKIP] JENNIFER (ID: 64) for demand 6: Would exceed max hours (22.0 > 20)
  [ASSIGNED] Demand 6 (CDR_V 18:00-25:00) assigned to STEVENS (ID: 66)
  [SKIP] ELENA (ID: 53) for demand 7: Would exceed max hours (41.0 > 40)
  [SKIP] AHMED (ID: 54) for demand 7: Already has a shift today (Day Busy count: 1)
  [SKIP] ELIAS (ID: 55) for demand 7: Would exceed max hours (28.5 > 24)
  [SKIP] DAVID (ID: 56) for demand 7: Would exceed max hours (42.0 > 40)
  [SKIP] MERAN (ID: 57) for demand 7: Would exceed max hours (24.0 > 18)
  [SKIP] CHIERICO (ID: 58) for demand 7: Would exceed max hours (30.0 > 24)
  [SKIP] FRANCESCA (ID: 62) for demand 7: Would exceed max hours (20.0 > 15)
  [SKIP] WALID (ID: 68) for demand 7: Would exceed max hours (32.0 > 30)
  [SKIP] RUSLANA (ID: 50) for demand 7: Already has a shift today (Day Busy count: 1)
  [SKIP] ERMANNO (ID: 52) for demand 7 (ACCGIU_V 18:00-24:00): Demand range 18:00-24:00 outside fixed availability 16:00-19:00 for Venerd├¼_S
  [SKIP] CELESTE (ID: 60) for demand 7 (ACCGIU_V 18:00-24:00): Demand range 18:00-24:00 outside fixed availability 18:00-00:00 for Venerd├¼_S
  [SKIP] JENNIFER (ID: 64) for demand 7: Would exceed max hours (21.0 > 20)
  [SKIP] STEVENS (ID: 66) for demand 7: Already has a shift today (Day Busy count: 1)
  [ASSIGNED] Demand 8 (B/S 12:00-18:00) assigned to BANCE (ID: 51)
  [SKIP] BANCE (ID: 51) for demand 9: Already has a shift today (Day Busy count: 1)
  [SKIP] ELENA (ID: 53) for demand 9: Would exceed max hours (42.0 > 40)
  [WARNING] Unassigned Slot: 
2025-11-21 ACCGIU_V 18:00-24:00
  [SKIP] AHMED (ID: 54) for demand 9: Already has a shift today (Day Busy count: 1)
  [SKIP] ELIAS (ID: 55) for demand 9: Would exceed max hours (29.5 > 24)
  [SKIP] DAVID (ID: 56) for demand 9: Would exceed max hours (43.0 > 40)
  [SKIP] MERAN (ID: 57) for demand 9: Would exceed max hours (25.0 > 18)
  [SKIP] CHIERICO (ID: 58) for demand 9: Would exceed max hours (31.0 > 24)
  [SKIP] FRANCESCA (ID: 62) for demand 9: Would exceed max hours (21.0 > 15)
  [ASSIGNED] Demand 9 (B/S 18:00-25:00) assigned to SECK (ID: 63)
  [SKIP] BANCE (ID: 51) for demand 10: Already has a shift today (Day Busy count: 1)
  [SKIP] ELENA (ID: 53) for demand 10: Already has a shift today (Day Busy count: 1)
  [SKIP] AHMED (ID: 54) for demand 10: Already has a shift today (Day Busy count: 1)
  [SKIP] ELIAS (ID: 55) for demand 10: Would exceed max hours (24.5 > 24)
  [SKIP] DAVID (ID: 56) for demand 10: Already has a shift today (Day Busy count: 1)
  [SKIP] MERAN (ID: 57) for demand 10: Would exceed max hours (20.0 > 18)
  [SKIP] CHIERICO (ID: 58) for demand 10: Would exceed max hours (26.0 > 24)
  [SKIP] FRANCESCA (ID: 62) for demand 10: Would exceed max hours (16.0 > 15)
  [SKIP] SECK (ID: 63) for demand 10: Already has a shift today (Day Busy count: 1)
  [SKIP] WALID (ID: 68) for demand 10: Already has a shift today (Day Busy count: 1)
  [SKIP] RUSLANA (ID: 50) for demand 10: Already has a shift today (Day Busy count: 1)
  [ASSIGNED] Demand 10 (B/S_2 13:00-15:00) assigned to ERMANNO (ID: 52)
  [SKIP] BANCE (ID: 51) for demand 11: Already has a shift today (Day Busy count: 1)
  [SKIP] ELENA (ID: 53) for demand 11: Already has a shift today (Day Busy count: 1)
  [SKIP] AHMED (ID: 54) for demand 11: Already has a shift today (Day Busy count: 1)
  [SKIP] ELIAS (ID: 55) for demand 11: Would exceed max hours (27.5 > 24)
  [SKIP] DAVID (ID: 56) for demand 11: Would exceed max hours (41.0 > 40)
  [SKIP] MERAN (ID: 57) for demand 11: Would exceed max hours (23.0 > 18)
  [SKIP] CHIERICO (ID: 58) for demand 11: Would exceed max hours (29.0 > 24)
  [SKIP] FRANCESCA (ID: 62) for demand 11: Would exceed max hours (19.0 > 15)
  [SKIP] SECK (ID: 63) for demand 11: Would exceed max hours (28.0 > 25)
  [SKIP] WALID (ID: 68) for demand 11: Would exceed max hours (31.0 > 30)
  [SKIP] RUSLANA (ID: 50) for demand 11: Already has a shift today (Day Busy count: 1)
  [SKIP] ERMANNO (ID: 52) for demand 11: Already has a shift today (Day Busy count: 1)
  [SKIP] CELESTE (ID: 60) for demand 11 (B/S_2 21:00-26:00): Demand range 21:00-26:00 outside fixed availability 18:00-00:00 for Venerd├¼_S
  [ASSIGNED] Demand 11 (B/S_2 21:00-26:00) assigned to JENNIFER (ID: 64)
  [SKIP] BANCE (ID: 51) for demand 12: Already has a shift today (Day Busy count: 1)
  [SKIP] ELENA (ID: 53) for demand 12: Would exceed max hours (43.0 > 40)
  [SKIP] AHMED (ID: 54) for demand 12: Already has a shift today (Day Busy count: 1)
  [SKIP] ELIAS (ID: 55) for demand 12: Would exceed max hours (30.5 > 24)
  [SKIP] DAVID (ID: 56) for demand 12: Would exceed max hours (44.0 > 40)
  [SKIP] MERAN (ID: 57) for demand 12: Would exceed max hours (26.0 > 18)
  [SKIP] CHIERICO (ID: 58) for demand 12: Would exceed max hours (32.0 > 24)
  [SKIP] FRANCESCA (ID: 62) for demand 12: Would exceed max hours (22.0 > 15)
  [SKIP] SECK (ID: 63) for demand 12: Would exceed max hours (31.0 > 25)
  [SKIP] WALID (ID: 68) for demand 12: Would exceed max hours (34.0 > 30)
  [SKIP] RUSLANA (ID: 50) for demand 12: Already has a shift today (Day Busy count: 1)
  [SKIP] ERMANNO (ID: 52) for demand 12: Already has a shift today (Day Busy count: 1)
  [SKIP] CELESTE (ID: 60) for demand 12 (B/S_V 18:00-26:00): Demand range 18:00-26:00 outside fixed availability 18:00-00:00 for Venerd├¼_S
  [SKIP] JENNIFER (ID: 64) for demand 12: Would exceed max hours (28.0 > 20)
  [WARNING] Unassigned Slot: 
2025-11-22 BARSU 18:00-25:00
  [ASSIGNED] Demand 12 (B/S_V 18:00-26:00) assigned to MAMADOU (ID: 65)
[Scheduler] Day 2025-11-22 (Sab): Demand items: 17, Eligible Staff: 36
  [SKIP] ELENA (ID: 53) for demand 0: Would exceed max hours (42.0 > 40)
  [ASSIGNED] Demand 0 (BARGIU 11:00-18:00) assigned to AHMED (ID: 54)
  [SKIP] ELENA (ID: 53) for demand 1: Would exceed max hours (41.0 > 40)
  [SKIP] AHMED (ID: 54) for demand 1: Would exceed max hours (43.0 > 40)
  [SKIP] ELIAS (ID: 55) for demand 1: Would exceed max hours (28.5 > 24)
  [SKIP] DAVID (ID: 56) for demand 1: Would exceed max hours (42.0 > 40)
  [SKIP] MERAN (ID: 57) for demand 1: Would exceed max hours (24.0 > 18)
  [SKIP] CHIERICO (ID: 58) for demand 1: Would exceed max hours (30.0 > 24)
  [SKIP] FRANCESCA (ID: 62) for demand 1: Would exceed max hours (20.0 > 15)
  [SKIP] SECK (ID: 63) for demand 1: Would exceed max hours (29.0 > 25)
  [SKIP] WALID (ID: 68) for demand 1: Would exceed max hours (32.0 > 30)
  [SKIP] ERMANNO (ID: 52) for demand 1 (BARGIU 18:00-24:00): Demand range 18:00-24:00 outside fixed availability 16:00-19:00 for Sabato_S
  [SKIP] CELESTE (ID: 60) for demand 1 (BARGIU 18:00-24:00): Demand range 18:00-24:00 outside fixed availability 19:00-00:00 for Sabato_S
  [SKIP] JENNIFER (ID: 64) for demand 1: Would exceed max hours (26.0 > 20)
  [ASSIGNED] Demand 1 (BARGIU 18:00-24:00) assigned to STEVENS (ID: 66)
  [SKIP] ELENA (ID: 53) for demand 2: Would exceed max hours (42.5 > 40)
  [SKIP] AHMED (ID: 54) for demand 2: Would exceed max hours (44.5 > 40)
  [SKIP] ELIAS (ID: 55) for demand 2: Would exceed max hours (30.0 > 24)
  [SKIP] DAVID (ID: 56) for demand 2: Would exceed max hours (43.5 > 40)
  [SKIP] MERAN (ID: 57) for demand 2: Would exceed max hours (25.5 > 18)
  [SKIP] CHIERICO (ID: 58) for demand 2: Would exceed max hours (31.5 > 24)
  [SKIP] FRANCESCA (ID: 62) for demand 2: Would exceed max hours (21.5 > 15)
  [SKIP] SECK (ID: 63) for demand 2: Would exceed max hours (30.5 > 25)
  [SKIP] WALID (ID: 68) for demand 2: Would exceed max hours (33.5 > 30)
  [SKIP] RUSLANA (ID: 50) for demand 2 (BARSU 10:30-18:00): Availability set to NO for Sabato_P
  [SKIP] ERMANNO (ID: 52) for demand 2 (BARSU 10:30-18:00): Demand range 10:30-18:00 outside fixed availability 13:00-16:00 for Sabato_P
  [SKIP] CELESTE (ID: 60) for demand 2 (BARSU 10:30-18:00): Demand range 10:30-18:00 outside fixed availability 12:00-15:00 for Sabato_P
  [SKIP] JENNIFER (ID: 64) for demand 2: Would exceed max hours (27.5 > 20)
  [SKIP] STEVENS (ID: 66) for demand 2: Already has a shift today (Day Busy count: 1)
  [ASSIGNED] Demand 2 (BARSU 10:30-18:00) assigned to REBECCA (ID: 61)
  [SKIP] ELENA (ID: 53) for demand 3: Would exceed max hours (42.0 > 40)
  [SKIP] AHMED (ID: 54) for demand 3: Would exceed max hours (44.0 > 40)
  [SKIP] ELIAS (ID: 55) for demand 3: Would exceed max hours (29.5 > 24)
  [SKIP] DAVID (ID: 56) for demand 3: Would exceed max hours (43.0 > 40)
  [SKIP] MERAN (ID: 57) for demand 3: Would exceed max hours (25.0 > 18)
  [SKIP] CHIERICO (ID: 58) for demand 3: Would exceed max hours (31.0 > 24)
  [SKIP] FRANCESCA (ID: 62) for demand 3: Would exceed max hours (21.0 > 15)
  [SKIP] SECK (ID: 63) for demand 3: Would exceed max hours (30.0 > 25)
  [SKIP] WALID (ID: 68) for demand 3: Would exceed max hours (33.0 > 30)
  [SKIP] ERMANNO (ID: 52) for demand 3 (BARSU 18:00-25:00): Demand range 18:00-25:00 outside fixed availability 16:00-19:00 for Sabato_S
  [WARNING] Unassigned Slot: 
2025-11-22 ACCGIU:S 18:00-24:00
  [SKIP] CELESTE (ID: 60) for demand 3 (BARSU 18:00-25:00): Demand range 18:00-25:00 outside fixed availability 19:00-00:00 for Sabato_S
  [SKIP] JENNIFER (ID: 64) for demand 3: Would exceed max hours (27.0 > 20)
  [SKIP] STEVENS (ID: 66) for demand 3: Already has a shift today (Day Busy count: 1)
  [SKIP] REBECCA (ID: 61) for demand 3: Already has a shift today (Day Busy count: 1)
  [SKIP] ELENA (ID: 53) for demand 4: Would exceed max hours (41.0 > 40)
  [SKIP] AHMED (ID: 54) for demand 4: Would exceed max hours (43.0 > 40)
  [SKIP] ELIAS (ID: 55) for demand 4: Would exceed max hours (28.5 > 24)
  [SKIP] DAVID (ID: 56) for demand 4: Would exceed max hours (42.0 > 40)
  [SKIP] MERAN (ID: 57) for demand 4: Would exceed max hours (24.0 > 18)
  [SKIP] CHIERICO (ID: 58) for demand 4: Would exceed max hours (30.0 > 24)
  [SKIP] FRANCESCA (ID: 62) for demand 4: Would exceed max hours (20.0 > 15)
  [SKIP] SECK (ID: 63) for demand 4: Would exceed max hours (29.0 > 25)
  [SKIP] WALID (ID: 68) for demand 4: Would exceed max hours (32.0 > 30)
  [SKIP] RUSLANA (ID: 50) for demand 4 (CDR 12:00-18:00): Availability set to NO for Sabato_P
  [SKIP] ERMANNO (ID: 52) for demand 4 (CDR 12:00-18:00): Demand range 12:00-18:00 outside fixed availability 13:00-16:00 for Sabato_P
  [SKIP] CELESTE (ID: 60) for demand 4 (CDR 12:00-18:00): Demand range 12:00-18:00 outside fixed availability 12:00-15:00 for Sabato_P
  [SKIP] JENNIFER (ID: 64) for demand 4: Would exceed max hours (26.0 > 20)
  [SKIP] STEVENS (ID: 66) for demand 4: Already has a shift today (Day Busy count: 1)
  [ASSIGNED] Demand 4 (CDR 12:00-18:00) assigned to MATTEO (ID: 59)
  [ASSIGNED] Demand 5 (CDR 20:00-25:00) assigned to ELENA (ID: 53)
  [SKIP] ELENA (ID: 53) for demand 6: Would exceed max hours (43.0 > 40)
  [SKIP] AHMED (ID: 54) for demand 6: Already has a shift today (Day Busy count: 1)
  [SKIP] ELIAS (ID: 55) for demand 6: Would exceed max hours (25.5 > 24)
  [ASSIGNED] Demand 6 (CDR_S 12:00-15:00) assigned to DAVID (ID: 56)
  [SKIP] ELENA (ID: 53) for demand 7: Would exceed max hours (47.0 > 40)
  [SKIP] AHMED (ID: 54) for demand 7: Would exceed max hours (44.0 > 40)
  [SKIP] ELIAS (ID: 55) for demand 7: Would exceed max hours (29.5 > 24)
  [SKIP] DAVID (ID: 56) for demand 7: Would exceed max hours (46.0 > 40)
  [SKIP] MERAN (ID: 57) for demand 7: Would exceed max hours (25.0 > 18)
  [SKIP] CHIERICO (ID: 58) for demand 7: Would exceed max hours (31.0 > 24)
  [SKIP] FRANCESCA (ID: 62) for demand 7: Would exceed max hours (21.0 > 15)
  [SKIP] SECK (ID: 63) for demand 7: Would exceed max hours (30.0 > 25)
  [SKIP] WALID (ID: 68) for demand 7: Would exceed max hours (33.0 > 30)
  [ASSIGNED] Demand 7 (CDR_S 18:00-25:00) assigned to RUSLANA (ID: 50)
  [SKIP] ELENA (ID: 53) for demand 8: Would exceed max hours (43.0 > 40)
  [SKIP] AHMED (ID: 54) for demand 8: Already has a shift today (Day Busy count: 1)
  [SKIP] ELIAS (ID: 55) for demand 8: Would exceed max hours (25.5 > 24)
  [SKIP] DAVID (ID: 56) for demand 8: Would exceed max hours (42.0 > 40)
  [SKIP] MERAN (ID: 57) for demand 8: Would exceed max hours (21.0 > 18)
  [SKIP] CHIERICO (ID: 58) for demand 8: Would exceed max hours (27.0 > 24)
  [SKIP] FRANCESCA (ID: 62) for demand 8: Would exceed max hours (17.0 > 15)
  [SKIP] SECK (ID: 63) for demand 8: Would exceed max hours (26.0 > 25)
  [SKIP] RUSLANA (ID: 50) for demand 8: Already has a shift today (Day Busy count: 1)
  [SKIP] ERMANNO (ID: 52) for demand 8 (ACCGIU:S 12:00-15:00): Demand range 12:00-15:00 outside fixed availability 13:00-16:00 for Sabato_P
  [ASSIGNED] Demand 8 (ACCGIU:S 12:00-15:00) assigned to CELESTE (ID: 60)
  [SKIP] ELENA (ID: 53) for demand 9: Would exceed max hours (46.0 > 40)
  [SKIP] AHMED (ID: 54) for demand 9: Would exceed max hours (43.0 > 40)
  [SKIP] ELIAS (ID: 55) for demand 9: Would exceed max hours (28.5 > 24)
  [SKIP] DAVID (ID: 56) for demand 9: Would exceed max hours (45.0 > 40)
  [SKIP] MERAN (ID: 57) for demand 9: Would exceed max hours (24.0 > 18)
  [SKIP] CHIERICO (ID: 58) for demand 9: Would exceed max hours (30.0 > 24)
  [SKIP] FRANCESCA (ID: 62) for demand 9: Would exceed max hours (20.0 > 15)
  [SKIP] SECK (ID: 63) for demand 9: Would exceed max hours (29.0 > 25)
  [SKIP] WALID (ID: 68) for demand 9: Would exceed max hours (32.0 > 30)
  [SKIP] RUSLANA (ID: 50) for demand 9: Already has a shift today (Day Busy count: 1)
  [SKIP] ERMANNO (ID: 52) for demand 9 (ACCGIU:S 18:00-24:00): Demand range 18:00-24:00 outside fixed availability 16:00-19:00 for Sabato_S
  [SKIP] CELESTE (ID: 60) for demand 9: Already has a shift today (Day Busy count: 1)
  [SKIP] JENNIFER (ID: 64) for demand 9: Would exceed max hours (26.0 > 20)
  [SKIP] STEVENS (ID: 66) for demand 9: Already has a shift today (Day Busy count: 1)
  [SKIP] MATTEO (ID: 59) for demand 9: Already has a shift today (Day Busy count: 1)
  [SKIP] REBECCA (ID: 61) for demand 9: Already has a shift today (Day Busy count: 1)
  [ASSIGNED] Demand 10 (B/S 12:00-18:00) assigned to BANCE (ID: 51)
  [SKIP] BANCE (ID: 51) for demand 11: Would exceed max hours (43.0 > 40)
  [SKIP] ELENA (ID: 53) for demand 11: Would exceed max hours (47.0 > 40)
  [SKIP] AHMED (ID: 54) for demand 11: Would exceed max hours (44.0 > 40)
  [SKIP] ELIAS (ID: 55) for demand 11: Would exceed max hours (29.5 > 24)
  [SKIP] DAVID (ID: 56) for demand 11: Would exceed max hours (46.0 > 40)
  [SKIP] MERAN (ID: 57) for demand 11: Would exceed max hours (25.0 > 18)
  [SKIP] CHIERICO (ID: 58) for demand 11: Would exceed max hours (31.0 > 24)
  [SKIP] FRANCESCA (ID: 62) for demand 11: Would exceed max hours (21.0 > 15)
  [SKIP] SECK (ID: 63) for demand 11: Would exceed max hours (30.0 > 25)
  [SKIP] WALID (ID: 68) for demand 11: Would exceed max hours (33.0 > 30)
  [SKIP] RUSLANA (ID: 50) for demand 11: Already has a shift today (Day Busy count: 1)
  [SKIP] ERMANNO (ID: 52) for demand 11 (B/S 18:00-25:00): Demand range 18:00-25:00 outside fixed availability 16:00-19:00 for Sabato_S
  [SKIP] CELESTE (ID: 60) for demand 11: Already has a shift today (Day Busy count: 1)
  [SKIP] JENNIFER (ID: 64) for demand 11: Would exceed max hours (27.0 > 20)
  [ASSIGNED] Demand 11 (B/S 18:00-25:00) assigned to MAMADOU (ID: 65)
  [SKIP] BANCE (ID: 51) for demand 12: Already has a shift today (Day Busy count: 1)
  [SKIP] ELENA (ID: 53) for demand 12: Would exceed max hours (42.0 > 40)
  [SKIP] AHMED (ID: 54) for demand 12: Already has a shift today (Day Busy count: 1)
  [SKIP] ELIAS (ID: 55) for demand 12: Would exceed max hours (24.5 > 24)
  [SKIP] DAVID (ID: 56) for demand 12: Would exceed max hours (41.0 > 40)
  [SKIP] MERAN (ID: 57) for demand 12: Would exceed max hours (20.0 > 18)
  [SKIP] CHIERICO (ID: 58) for demand 12: Would exceed max hours (26.0 > 24)
  [SKIP] FRANCESCA (ID: 62) for demand 12: Would exceed max hours (16.0 > 15)
  [ASSIGNED] Demand 12 (B/S_2 13:00-15:00) assigned to SECK (ID: 63)
  [SKIP] BANCE (ID: 51) for demand 13: Would exceed max hours (41.0 > 40)
  [SKIP] ELENA (ID: 53) for demand 13: Would exceed max hours (45.0 > 40)
  [SKIP] AHMED (ID: 54) for demand 13: Would exceed max hours (42.0 > 40)
  [SKIP] ELIAS (ID: 55) for demand 13: Would exceed max hours (27.5 > 24)
  [SKIP] DAVID (ID: 56) for demand 13: Would exceed max hours (44.0 > 40)
  [SKIP] MERAN (ID: 57) for demand 13: Would exceed max hours (23.0 > 18)
  [SKIP] CHIERICO (ID: 58) for demand 13: Would exceed max hours (29.0 > 24)
  [SKIP] FRANCESCA (ID: 62) for demand 13: Would exceed max hours (19.0 > 15)
  [SKIP] SECK (ID: 63) for demand 13: Would exceed max hours (30.0 > 25)
  [SKIP] WALID (ID: 68) for demand 13: Would exceed max hours (31.0 > 30)
  [SKIP] RUSLANA (ID: 50) for demand 13: Already has a shift today (Day Busy count: 1)
  [SKIP] ERMANNO (ID: 52) for demand 13 (B/S_2 21:00-26:00): Demand range 21:00-26:00 outside fixed availability 16:00-19:00 for Sabato_S
  [SKIP] CELESTE (ID: 60) for demand 13: Already has a shift today (Day Busy count: 1)
  [SKIP] JENNIFER (ID: 64) for demand 13: Would exceed max hours (25.0 > 20)
  [SKIP] MAMADOU (ID: 65) for demand 13: Already has a shift today (Day Busy count: 1)
  [SKIP] STEVENS (ID: 66) for demand 13: Already has a shift today (Day Busy count: 1)
  [SKIP] MATTEO (ID: 59) for demand 13: Already has a shift today (Day Busy count: 1)
  [SKIP] REBECCA (ID: 61) for demand 13: Already has a shift today (Day Busy count: 1)
  [ASSIGNED] Demand 13 (B/S_2 21:00-26:00) assigned to NETTRA (ID: 67)
  [SKIP] BANCE (ID: 51) for demand 14: Already has a shift today (Day Busy count: 1)
  [SKIP] ELENA (ID: 53) for demand 14: Would exceed max hours (43.0 > 40)
  [SKIP] AHMED (ID: 54) for demand 14: Already has a shift today (Day Busy count: 1)
  [SKIP] ELIAS (ID: 55) for demand 14: Would exceed max hours (25.5 > 24)
  [SKIP] DAVID (ID: 56) for demand 14: Would exceed max hours (42.0 > 40)
  [SKIP] MERAN (ID: 57) for demand 14: Would exceed max hours (21.0 > 18)
  [SKIP] CHIERICO (ID: 58) for demand 14: Would exceed max hours (27.0 > 24)
  [SKIP] FRANCESCA (ID: 62) for demand 14: Would exceed max hours (17.0 > 15)
  [SKIP] SECK (ID: 63) for demand 14: Would exceed max hours (28.0 > 25)
  [ASSIGNED] Demand 14 (B/S_S 12:00-15:00) assigned to WALID (ID: 68)
  [SKIP] BANCE (ID: 51) for demand 15: Would exceed max hours (44.0 > 40)
  [SKIP] ELENA (ID: 53) for demand 15: Would exceed max hours (48.0 > 40)
  [SKIP] AHMED (ID: 54) for demand 15: Would exceed max hours (45.0 > 40)
  [SKIP] ELIAS (ID: 55) for demand 15: Would exceed max hours (30.5 > 24)
  [SKIP] DAVID (ID: 56) for demand 15: Would exceed max hours (47.0 > 40)
  [SKIP] MERAN (ID: 57) for demand 15: Would exceed max hours (26.0 > 18)
  [SKIP] CHIERICO (ID: 58) for demand 15: Would exceed max hours (32.0 > 24)
  [SKIP] FRANCESCA (ID: 62) for demand 15: Would exceed max hours (22.0 > 15)
  [SKIP] SECK (ID: 63) for demand 15: Would exceed max hours (33.0 > 25)
  [SKIP] WALID (ID: 68) for demand 15: Would exceed max hours (37.0 > 30)
  [SKIP] RUSLANA (ID: 50) for demand 15: Already has a shift today (Day Busy count: 1)
  [SKIP] ERMANNO (ID: 52) for demand 15 (B/S_S 18:00-26:00): Demand range 18:00-26:00 outside fixed availability 16:00-19:00 for Sabato_S
  [SKIP] CELESTE (ID: 60) for demand 15: Already has a shift today (Day Busy count: 1)
  [SKIP] JENNIFER (ID: 64) for demand 15: Would exceed max hours (28.0 > 20)
  [SKIP] MAMADOU (ID: 65) for demand 15: Already has a shift today (Day Busy count: 1)
  [SKIP] STEVENS (ID: 66) for demand 15: Already has a shift today (Day Busy count: 1)
  [SKIP] MATTEO (ID: 59) for demand 15: Already has a shift today (Day Busy count: 1)
  [SKIP] REBECCA (ID: 61) for demand 15: Already has a shift today (Day Busy count: 1)
  [SKIP] NETTRA (ID: 67) for demand 15: Already has a shift today (Day Busy count: 1)
  [ASSIGNED] Demand 15 (B/S_S 18:00-26:00) assigned to LUCA (ID: 69)
  [SKIP] BANCE (ID: 51) for demand 16: Already has a shift today (Day Busy count: 1)
  [SKIP] ELENA (ID: 53) for demand 16: Would exceed max hours (42.0 > 40)
  [SKIP] AHMED (ID: 54) for demand 16: Already has a shift today (Day Busy count: 1)
  [SKIP] ELIAS (ID: 55) for demand 16: Would exceed max hours (24.5 > 24)
  [SKIP] DAVID (ID: 56) for demand 16: Would exceed max hours (41.0 > 40)
  [SKIP] MERAN (ID: 57) for demand 16: Would exceed max hours (20.0 > 18)
  [SKIP] CHIERICO (ID: 58) for demand 16: Would exceed max hours (26.0 > 24)
  [SKIP] FRANCESCA (ID: 62) for demand 16: Would exceed max hours (16.0 > 15)
  [SKIP] SECK (ID: 63) for demand 16: Would exceed max hours (27.0 > 25)
  [SKIP] WALID (ID: 68) for demand 16: Would exceed max hours (31.0 > 30)
  [SKIP] RUSLANA (ID: 50) for demand 16: Already has a shift today (Day Busy count: 1)
  [SKIP] ERMANNO (ID: 52) for demand 16 (SCARICO 08:30-10:30): Demand range 08:30-10:30 outside fixed availability 13:00-16:00 for Sabato_P
  [SKIP] CELESTE (ID: 60) for demand 16: Already has a shift today (Day Busy count: 1)
  [SKIP] JENNIFER (ID: 64) for demand 16: Would exceed max hours (22.0 > 20)
  [SKIP] MAMADOU (ID: 65) for demand 16: Already has a shift today (Day Busy count: 1)
  [SKIP] STEVENS (ID: 66) for demand 16: Already has a shift today (Day Busy count: 1)
  [SKIP] MATTEO (ID: 59) for demand 16: Already has a shift today (Day Busy count: 1)
  [SKIP] REBECCA (ID: 61) for demand 16: Already has a shift today (Day Busy count: 1)
  [SKIP] NETTRA (ID: 67) for demand 16: Already has a shift today (Day Busy count: 1)
  [SKIP] LUCA (ID: 69) for demand 16: Already has a shift today (Day Busy count: 1)
[Scheduler] Day 2025-11-23 (Dom): Demand items: 0, Eligible Staff: 36

RESULT: Generated 64 assignments.
Sample Assignments:
 - 2025-11-17 | Staff 53 | BARGIU | 11:00-18:00
 - 2025-11-17 | Staff 54 | BARGIU | 18:00-24:00
 - 2025-11-17 | Staff 55 | BARSU | 10:30-18:00
 - 2025-11-17 | Staff 56 | BARSU | 18:00-25:00
 - 2025-11-17 | Staff 58 | CDR | 12:00-18:00
  [WARNING] Unassigned Slot: 
2025-11-22 SCARICO 08:30-10:30
